root@web ~]# date
Sun Feb  4 15:25:19 MSK 2024
[root@web ~]# cat /etc/nginx/nginx.conf
# For more information on configuration, see:
#   * Official English Documentation: http://nginx.org/en/docs/
#   * Official Russian Documentation: http://nginx.org/ru/docs/
#testtesttest
user nginx;
worker_processes auto;
error_log /var/log/nginx/error.log;
error_log syslog:server=192.168.56.15:514,tag=nginx_error;
pid /run/nginx.pid;

# Load dynamic modules. See /usr/share/doc/nginx/README.dynamic.
include /usr/share/nginx/modules/*.conf;

events {
    worker_connections 1024;
}

http {
    log_format  main  '$remote_addr - $remote_user [$time_local] "$request" '
                      '$status $body_bytes_sent "$http_referer" '
                      '"$http_user_agent" "$http_x_forwarded_for"';

    access_log  /var/log/nginx/access.log  main;
    access_log syslog:server=192.168.56.15:514,tag=nginx_access,severity=info combined;
    sendfile            on;
    tcp_nopush          on;
    tcp_nodelay         on;
    keepalive_timeout   65;
    types_hash_max_size 4096;

    include             /etc/nginx/mime.types;
    default_type        application/octet-stream;

    # Load modular configuration files from the /etc/nginx/conf.d directory.
    # See http://nginx.org/en/docs/ngx_core_module.html#include
    # for more information.
    include /etc/nginx/conf.d/*.conf;

    server {
        listen       80;
        listen       [::]:80;
        server_name  _;
        root         /usr/share/nginx/html;

        # Load configuration files for the default server block.
        include /etc/nginx/default.d/*.conf;

        error_page 404 /404.html;
        location = /404.html {
        }

        error_page 500 502 503 504 /50x.html;
        location = /50x.html {
        }
    }

# Settings for a TLS enabled server.
#
#    server {
#        listen       443 ssl http2;
#        listen       [::]:443 ssl http2;
#        server_name  _;
#        root         /usr/share/nginx/html;
#
#        ssl_certificate "/etc/pki/nginx/server.crt";
#        ssl_certificate_key "/etc/pki/nginx/private/server.key";
#        ssl_session_cache shared:SSL:1m;
#        ssl_session_timeout  10m;
#        ssl_ciphers HIGH:!aNULL:!MD5;
#        ssl_prefer_server_ciphers on;
#
#        # Load configuration files for the default server block.
#        include /etc/nginx/default.d/*.conf;
#
#        error_page 404 /404.html;
#            location = /40x.html {
#        }
#
#        error_page 500 502 503 504 /50x.html;
#            location = /50x.html {
#        }
#    }

}

[root@web ~]# 
[root@web ~]# cat /etc/audit/rules.d/audit.rules
## First rule - delete all
-D

## Increase the buffers to survive stress events.
## Make this bigger for busy systems
-b 8192

## Set failure mode to syslog
-f 1
-w /etc/nginx/nginx.conf -p wa -k nginx_conf
-w /etc/nginx/default.d/ -p wa -k nginx_conf
[root@web ~]# 
[root@web ~]# rpm -qa | grep audispd
audispd-plugins-2.8.5-4.el7.x86_64
[root@web ~]#
[root@web ~]# cat /etc/audit/auditd.conf
#
# This file controls the configuration of the audit daemon
#

local_events = yes
write_logs = yes
log_file = /var/log/audit/audit.log
log_group = root
log_format = RAW
flush = INCREMENTAL_ASYNC
freq = 50
max_log_file = 8
num_logs = 5
priority_boost = 4
disp_qos = lossy
dispatcher = /sbin/audispd
name_format = HOSTNAME
##name = mydomain
max_log_file_action = ROTATE
space_left = 75
space_left_action = SYSLOG
verify_email = yes
action_mail_acct = root
admin_space_left = 50
admin_space_left_action = SUSPEND
disk_full_action = SUSPEND
disk_error_action = SUSPEND
use_libwrap = yes
##tcp_listen_port = 60
tcp_listen_queue = 5
tcp_max_per_addr = 1
##tcp_client_ports = 1024-65535
tcp_client_max_idle = 0
enable_krb5 = no
krb5_principal = auditd
##krb5_key_file = /etc/audit/audit.key
distribute_network = no
[root@web ~]# 
[root@web ~]# cat /etc/audisp/plugins.d/au-remote.conf

# This file controls the audispd data path to the
# remote event logger. This plugin will send events to
# a remote machine (Central Logger).

active = yes
direction = out
path = /sbin/audisp-remote
type = always
#args =
format = string

[root@web ~]# 
[root@web ~]# cat /etc/audisp/audisp-remote.conf
#
# This file controls the configuration of the audit remote 
# logging subsystem, audisp-remote.
#

remote_server = 192.168.56.15
port = 60
##local_port =
transport = tcp
queue_file = /var/spool/audit/remote.log
mode = immediate
queue_depth = 10240
format = managed
network_retry_time = 1
max_tries_per_record = 3
max_time_per_record = 5
heartbeat_timeout = 0 

network_failure_action = stop
disk_low_action = ignore
disk_full_action = warn_once
disk_error_action = warn_once
remote_ending_action = reconnect
generic_error_action = syslog
generic_warning_action = syslog
queue_error_action = stop
overflow_action = syslog

##enable_krb5 = no
##krb5_principal = 
##krb5_client_name = auditd
##krb5_key_file = /etc/audisp/audisp-remote.key
[root@web ~]# 

